from vapoursynth import core

core.ffms2.Source(source='/home/soichiro/repos/avsser/files/example.mkv', timecodes="/home/soichiro/repos/avsser/files/example.timecodes.txt")

video1 = core.ffms2.Source(source='/home/soichiro/repos/avsser/files/example.mkv')
video1 = vfrtocfr.VFRToCFR(video1, "/home/soichiro/repos/avsser/files/example.timecodes.txt", 120000, 1001)
video1 = core.rgvs.RemoveGrain(video1, 1)

video = video1

video.set_output()
